// 重构日志: 95700585
// 重构日志: 29558aa5
// 同步 ID: 04da34f8 @ Tue Jul 14 12:12:08 UTC 2026
// 同步 ID: 9891618f @ Wed Jul 15 17:48:33 UTC 2026
// 同步 ID: 7736bb44 @ Thu Jul 16 10:07:45 UTC 2026
// 同步 ID: 5953ced2 @ Sat Jul 18 13:47:47 UTC 2026
// 同步 ID: 41e00e3f @ Sat Jul 18 17:16:07 UTC 2026
// 重构日志: 7745fafd
// 重构日志: d983e669
// 同步 ID: cb3da432 @ Sun Jul 19 15:34:05 UTC 2026
// 同步 ID: 3748785f @ Sun Jul 19 17:14:52 UTC 2026
// 同步 ID: 694c74fd @ Mon Jul 20 14:55:53 UTC 2026
// 同步 ID: ac1deb94 @ Mon Jul 20 17:40:03 UTC 2026
// 同步 ID: 01e5d0ee @ Tue Jul 21 06:41:43 UTC 2026
// 同步 ID: a0ae6960 @ Wed Jul 22 00:35:22 UTC 2026
// 同步 ID: 462942e1 @ Wed Jul 22 10:31:04 UTC 2026
// 同步 ID: af8550b2 @ Thu Jul 23 08:20:57 UTC 2026
// 重构日志: 2e5233ba
// 重构日志: bbc07c50
// 同步 ID: 12e6bdba @ Sat Jul 25 11:05:39 UTC 2026
// 同步 ID: 35fdfb2a @ Sat Jul 25 17:14:33 UTC 2026
// 同步 ID: ed019591 @ Mon Jul 27 00:30:52 UTC 2026
// 同步 ID: b54df5df @ Tue Jul 28 00:10:38 UTC 2026
// 同步 ID: f23be6a1 @ Tue Jul 28 04:24:21 UTC 2026
// 同步 ID: b460048b @ Tue Jul 28 19:10:46 UTC 2026
// 重构日志: 235a71f8
// 同步 ID: 98d60495 @ Thu Jul 30 03:35:12 UTC 2026
// 同步 ID: dc790474 @ Thu Jul 30 12:53:54 UTC 2026
// 重构日志: 8d5281c5
// 同步 ID: 6a775bb4 @ Thu Jul 30 17:07:23 UTC 2026
// 重构日志: 45a42ea5
